// Jest Snapshot v1, https://goo.gl/fbAQLP

exports[`DeactivatePage renders correctly 1`] = `
<header
  class="bg-primary shadow-header p-3 w-full rounded-md rounded-t-none"
>
  <h1
    class="text-3xl font-light"
  >
    Ayush
  </h1>
</header>
`;
