// Jest Snapshot v1, https://goo.gl/fbAQLP

exports[`RegisterForm should render correctly 1`] = `
<DocumentFragment>
  <div
    class="mt-10"
  >
    <input
      class="disabled:text-preFillText p-3 w-full rounded-lg shadow-textBoxInset bg-textBox"
      disabled=""
      placeholder="First Name"
      type="text"
      value=""
    />
  </div>
  <div
    class="mt-3"
  >
    <input
      class="disabled:text-preFillText p-3 w-full rounded-lg shadow-textBoxInset bg-textBox"
      disabled=""
      placeholder="Middle Name"
      type="text"
      value=""
    />
  </div>
  <div
    class="mt-3"
  >
    <input
      class="disabled:text-preFillText p-3 w-full rounded-lg shadow-textBoxInset bg-textBox"
      disabled=""
      placeholder="Last Name"
      type="text"
      value=""
    />
  </div>
  <div
    class="mt-10"
  >
    <input
      class="disabled:text-preFillText p-3 w-full rounded-lg shadow-textBox bg-textBox"
      placeholder="Email ID"
      type="text"
      value=""
    />
  </div>
  <div
    class="mt-3"
  >
    <input
      class="disabled:text-preFillText p-3 w-full rounded-lg shadow-textBox bg-textBox"
      placeholder="Password"
      type="text"
      value=""
    />
  </div>
  <div
    class="mt-3"
  >
    <div
      class="relative"
    >
      <input
        class="disabled:text-preFillText p-3 w-full rounded-lg shadow-textBox bg-textBox text-right"
        data-testid="partialText"
        placeholder="Health ID"
        style="padding-right: 6.25rem;"
        type="text"
        value=""
      />
      <span
        class="absolute block right-3 top-3 z-10 text-preFillText"
      >
        .ayush@sbx
      </span>
    </div>
  </div>
</DocumentFragment>
`;
