// Jest Snapshot v1, https://goo.gl/fbAQLP

exports[` 1`] = `
<div>
  <button
    class="shadow-xl px-6 py-3 rounded-xl text-base font-medium "
    style="background-color: rgb(229, 252, 244);"
  >
    Hello
  </button>
</div>
`;
