// Jest Snapshot v1, https://goo.gl/fbAQLP

exports[`QR Modal should render component 1`] = `<DocumentFragment />`;
